// Jest Snapshot v1, https://goo.gl/fbAQLP

exports[`Counter matches snapshot 1`] = `
<div>
  <h1>
    카운터
  </h1>
  <h2 />
  <button>
    +
  </button>
  <button>
    -
  </button>
</div>
`;
